2026-10-09 16:41:48,761 service / catboost_depth6: rmse=7.13313 (87.8s)
/workspace/scratch/dc5195b8c836/deps/lightgbm/sklearn.py:1106: LGBMDeprecationWarning: The argument 'eval_set' is deprecated, use 'eval_X' and 'eval_y' instead.
  eval_set = _validate_eval_set_Xy(eval_set=eval_set, eval_X=eval_X, eval_y=eval_y)
/workspace/scratch/dc5195b8c836/deps/lightgbm/sklearn.py:1106: LGBMDeprecationWarning: The argument 'eval_set' is deprecated, use 'eval_X' and 'eval_y' instead.
  eval_set = _validate_eval_set_Xy(eval_set=eval_set, eval_X=eval_X, eval_y=eval_y)
2026-10-09 16:42:01,842 service / lightgbm_leaves31: rmse=7.24763 (13.1s)
2026-10-09 16:42:13,290 service / hist_leaves31: rmse=7.22371 (11.4s)
2026-10-09 16:42:15,586 service / linear_baseline: rmse=7.29417 (2.3s)
2026-10-09 16:44:38,862 service / catboost_depth8: rmse=7.22567 (143.3s)
/workspace/scratch/dc5195b8c836/deps/lightgbm/sklearn.py:1106: LGBMDeprecationWarning: The argument 'eval_set' is deprecated, use 'eval_X' and 'eval_y' instead.
  eval_set = _validate_eval_set_Xy(eval_set=eval_set, eval_X=eval_X, eval_y=eval_y)
/workspace/scratch/dc5195b8c836/deps/lightgbm/sklearn.py:1106: LGBMDeprecationWarning: The argument 'eval_set' is deprecated, use 'eval_X' and 'eval_y' instead.
  eval_set = _validate_eval_set_Xy(eval_set=eval_set, eval_X=eval_X, eval_y=eval_y)
2026-10-09 16:44:53,561 service / lightgbm_leaves63: rmse=7.26465 (14.7s)
2026-10-09 16:45:03,905 service / xgboost_depth5: rmse=7.32091 (10.3s)
2026-10-09 16:45:59,592 service / extra_trees: rmse=7.55875 (55.7s)
2026-10-09 16:46:43,335 UNTOUCHED HOLDOUT service: {'mae': 3.752355649968833, 'rmse': 6.042707627169151, 'r2': 0.8299092647630875, 'wape': 0.2039235676711108, 'smape': 0.20713639060483605}
2026-10-09 16:48:58,598 lateness / catboost_depth6: log_loss=0.14788 (89.5s)
/workspace/scratch/dc5195b8c836/deps/lightgbm/sklearn.py:1106: LGBMDeprecationWarning: The argument 'eval_set' is deprecated, use 'eval_X' and 'eval_y' instead.
  eval_set = _validate_eval_set_Xy(eval_set=eval_set, eval_X=eval_X, eval_y=eval_y)
/workspace/scratch/dc5195b8c836/deps/lightgbm/sklearn.py:1106: LGBMDeprecationWarning: The argument 'eval_set' is deprecated, use 'eval_X' and 'eval_y' instead.
  eval_set = _validate_eval_set_Xy(eval_set=eval_set, eval_X=eval_X, eval_y=eval_y)
2026-10-09 16:49:10,159 lateness / lightgbm_leaves31: log_loss=0.14792 (11.6s)
2026-10-09 16:49:22,444 lateness / hist_leaves31: log_loss=0.14843 (12.3s)
2026-10-09 16:49:29,578 lateness / linear_baseline: log_loss=0.16922 (7.1s)
2026-10-09 16:50:43,812 lateness / catboost_depth8: log_loss=0.14898 (74.2s)
/workspace/scratch/dc5195b8c836/deps/lightgbm/sklearn.py:1106: LGBMDeprecationWarning: The argument 'eval_set' is deprecated, use 'eval_X' and 'eval_y' instead.
  eval_set = _validate_eval_set_Xy(eval_set=eval_set, eval_X=eval_X, eval_y=eval_y)
/workspace/scratch/dc5195b8c836/deps/lightgbm/sklearn.py:1106: LGBMDeprecationWarning: The argument 'eval_set' is deprecated, use 'eval_X' and 'eval_y' instead.
  eval_set = _validate_eval_set_Xy(eval_set=eval_set, eval_X=eval_X, eval_y=eval_y)
2026-10-09 16:50:55,566 lateness / lightgbm_leaves63: log_loss=0.14855 (11.8s)
2026-10-09 16:51:05,588 lateness / xgboost_depth5: log_loss=0.14701 (10.0s)
2026-10-09 16:51:56,334 lateness / extra_trees: log_loss=0.15500 (50.7s)
2026-10-09 16:52:48,528 UNTOUCHED HOLDOUT lateness: {'log_loss': 0.1322866905655637, 'brier': 0.041127589866823286, 'roc_auc': 0.9752751515151515, 'pr_auc': 0.8687337755584239, 'accuracy_at_0.5': 0.9449851042701093}
